'(455 1)
'(455 3)
'(455 235 681)
'(455 235 681)
'(455 1 681)
'(543)
'(999)
'(962 634 9)
'(1)
'(0)
'(12)
'(1 998)
'(1 999 998)
'(47 787 730 146 975 9)
'(0 0 0 0 0 0 0 0 0 0 0 0 0 0 0 18)
'(0)
'(0)
'(0)
'(256)
"1,999,999,999,999,999,999,998"
"1,002,002"
7
423,805,492,926,022,516,369,200,724,812,997,910,800,797
1
63
800,000,000,000,000,000,002
75,273,965,281,025,684,612,287,457,793,896,445,170,976
256